[2022-08-30 22:57:10] [INFO    ] discord.client: logging in using static token
[2022-08-30 22:57:12] [INFO    ] discord.gateway: Shard ID None has connected to Gateway (Session ID: 0a2bdabdef82c1f3a94db8377e355c6c).
[2022-08-30 23:01:38] [ERROR   ] discord.client: Attempting a reconnect in 0.02s
Traceback (most recent call last):
  File "C:\Users\nabil\AppData\Local\Programs\Python\Python310\lib\site-packages\aiohttp\connector.py", line 999, in _create_direct_connection
    hosts = await asyncio.shield(host_resolved)
  File "C:\Users\nabil\AppData\Local\Programs\Python\Python310\lib\site-packages\aiohttp\connector.py", line 865, in _resolve_host
    addrs = await self._resolver.resolve(host, port, family=self._family)
  File "C:\Users\nabil\AppData\Local\Programs\Python\Python310\lib\site-packages\aiohttp\resolver.py", line 31, in resolve
    infos = await self._loop.getaddrinfo(
  File "C:\Users\nabil\AppData\Local\Programs\Python\Python310\lib\asyncio\base_events.py", line 855, in getaddrinfo
    return await self.run_in_executor(
  File "C:\Users\nabil\AppData\Local\Programs\Python\Python310\lib\concurrent\futures\thread.py", line 58, in run
    result = self.fn(*self.args, **self.kwargs)
  File "C:\Users\nabil\AppData\Local\Programs\Python\Python310\lib\socket.py", line 955, in getaddrinfo
    for res in _socket.getaddrinfo(host, port, family, type, proto, flags):
socket.gaierror: [Errno 11004] getaddrinfo failed

The above exception was the direct cause of the following exception:

Traceback (most recent call last):
  File "C:\Users\nabil\AppData\Local\Programs\Python\Python310\lib\site-packages\discord\client.py", line 624, in connect
    self.ws = await asyncio.wait_for(coro, timeout=60.0)
  File "C:\Users\nabil\AppData\Local\Programs\Python\Python310\lib\asyncio\tasks.py", line 445, in wait_for
    return fut.result()
  File "C:\Users\nabil\AppData\Local\Programs\Python\Python310\lib\site-packages\discord\gateway.py", line 371, in from_client
    socket = await client.http.ws_connect(url)
  File "C:\Users\nabil\AppData\Local\Programs\Python\Python310\lib\site-packages\discord\http.py", line 536, in ws_connect
    return await self.__session.ws_connect(url, **kwargs)
  File "C:\Users\nabil\AppData\Local\Programs\Python\Python310\lib\site-packages\aiohttp\client.py", line 754, in _ws_connect
    resp = await self.request(
  File "C:\Users\nabil\AppData\Local\Programs\Python\Python310\lib\site-packages\aiohttp\client.py", line 520, in _request
    conn = await self._connector.connect(
  File "C:\Users\nabil\AppData\Local\Programs\Python\Python310\lib\site-packages\aiohttp\connector.py", line 535, in connect
    proto = await self._create_connection(req, traces, timeout)
  File "C:\Users\nabil\AppData\Local\Programs\Python\Python310\lib\site-packages\aiohttp\connector.py", line 892, in _create_connection
    _, proto = await self._create_direct_connection(req, traces, timeout)
  File "C:\Users\nabil\AppData\Local\Programs\Python\Python310\lib\site-packages\aiohttp\connector.py", line 1011, in _create_direct_connection
    raise ClientConnectorError(req.connection_key, exc) from exc
aiohttp.client_exceptions.ClientConnectorError: Cannot connect to host gateway.discord.gg:443 ssl:default [getaddrinfo failed]
[2022-08-30 23:01:38] [ERROR   ] discord.client: Attempting a reconnect in 3.41s
Traceback (most recent call last):
  File "C:\Users\nabil\AppData\Local\Programs\Python\Python310\lib\site-packages\aiohttp\connector.py", line 999, in _create_direct_connection
    hosts = await asyncio.shield(host_resolved)
  File "C:\Users\nabil\AppData\Local\Programs\Python\Python310\lib\site-packages\aiohttp\connector.py", line 865, in _resolve_host
    addrs = await self._resolver.resolve(host, port, family=self._family)
  File "C:\Users\nabil\AppData\Local\Programs\Python\Python310\lib\site-packages\aiohttp\resolver.py", line 31, in resolve
    infos = await self._loop.getaddrinfo(
  File "C:\Users\nabil\AppData\Local\Programs\Python\Python310\lib\asyncio\base_events.py", line 855, in getaddrinfo
    return await self.run_in_executor(
  File "C:\Users\nabil\AppData\Local\Programs\Python\Python310\lib\concurrent\futures\thread.py", line 58, in run
    result = self.fn(*self.args, **self.kwargs)
  File "C:\Users\nabil\AppData\Local\Programs\Python\Python310\lib\socket.py", line 955, in getaddrinfo
    for res in _socket.getaddrinfo(host, port, family, type, proto, flags):
socket.gaierror: [Errno 11004] getaddrinfo failed

The above exception was the direct cause of the following exception:

Traceback (most recent call last):
  File "C:\Users\nabil\AppData\Local\Programs\Python\Python310\lib\site-packages\discord\client.py", line 624, in connect
    self.ws = await asyncio.wait_for(coro, timeout=60.0)
  File "C:\Users\nabil\AppData\Local\Programs\Python\Python310\lib\asyncio\tasks.py", line 445, in wait_for
    return fut.result()
  File "C:\Users\nabil\AppData\Local\Programs\Python\Python310\lib\site-packages\discord\gateway.py", line 371, in from_client
    socket = await client.http.ws_connect(url)
  File "C:\Users\nabil\AppData\Local\Programs\Python\Python310\lib\site-packages\discord\http.py", line 536, in ws_connect
    return await self.__session.ws_connect(url, **kwargs)
  File "C:\Users\nabil\AppData\Local\Programs\Python\Python310\lib\site-packages\aiohttp\client.py", line 754, in _ws_connect
    resp = await self.request(
  File "C:\Users\nabil\AppData\Local\Programs\Python\Python310\lib\site-packages\aiohttp\client.py", line 520, in _request
    conn = await self._connector.connect(
  File "C:\Users\nabil\AppData\Local\Programs\Python\Python310\lib\site-packages\aiohttp\connector.py", line 535, in connect
    proto = await self._create_connection(req, traces, timeout)
  File "C:\Users\nabil\AppData\Local\Programs\Python\Python310\lib\site-packages\aiohttp\connector.py", line 892, in _create_connection
    _, proto = await self._create_direct_connection(req, traces, timeout)
  File "C:\Users\nabil\AppData\Local\Programs\Python\Python310\lib\site-packages\aiohttp\connector.py", line 1011, in _create_direct_connection
    raise ClientConnectorError(req.connection_key, exc) from exc
aiohttp.client_exceptions.ClientConnectorError: Cannot connect to host gateway.discord.gg:443 ssl:default [getaddrinfo failed]
[2022-08-30 23:01:42] [ERROR   ] discord.client: Attempting a reconnect in 2.56s
Traceback (most recent call last):
  File "C:\Users\nabil\AppData\Local\Programs\Python\Python310\lib\site-packages\aiohttp\connector.py", line 999, in _create_direct_connection
    hosts = await asyncio.shield(host_resolved)
  File "C:\Users\nabil\AppData\Local\Programs\Python\Python310\lib\site-packages\aiohttp\connector.py", line 865, in _resolve_host
    addrs = await self._resolver.resolve(host, port, family=self._family)
  File "C:\Users\nabil\AppData\Local\Programs\Python\Python310\lib\site-packages\aiohttp\resolver.py", line 31, in resolve
    infos = await self._loop.getaddrinfo(
  File "C:\Users\nabil\AppData\Local\Programs\Python\Python310\lib\asyncio\base_events.py", line 855, in getaddrinfo
    return await self.run_in_executor(
  File "C:\Users\nabil\AppData\Local\Programs\Python\Python310\lib\concurrent\futures\thread.py", line 58, in run
    result = self.fn(*self.args, **self.kwargs)
  File "C:\Users\nabil\AppData\Local\Programs\Python\Python310\lib\socket.py", line 955, in getaddrinfo
    for res in _socket.getaddrinfo(host, port, family, type, proto, flags):
socket.gaierror: [Errno 11004] getaddrinfo failed

The above exception was the direct cause of the following exception:

Traceback (most recent call last):
  File "C:\Users\nabil\AppData\Local\Programs\Python\Python310\lib\site-packages\discord\client.py", line 624, in connect
    self.ws = await asyncio.wait_for(coro, timeout=60.0)
  File "C:\Users\nabil\AppData\Local\Programs\Python\Python310\lib\asyncio\tasks.py", line 445, in wait_for
    return fut.result()
  File "C:\Users\nabil\AppData\Local\Programs\Python\Python310\lib\site-packages\discord\gateway.py", line 371, in from_client
    socket = await client.http.ws_connect(url)
  File "C:\Users\nabil\AppData\Local\Programs\Python\Python310\lib\site-packages\discord\http.py", line 536, in ws_connect
    return await self.__session.ws_connect(url, **kwargs)
  File "C:\Users\nabil\AppData\Local\Programs\Python\Python310\lib\site-packages\aiohttp\client.py", line 754, in _ws_connect
    resp = await self.request(
  File "C:\Users\nabil\AppData\Local\Programs\Python\Python310\lib\site-packages\aiohttp\client.py", line 520, in _request
    conn = await self._connector.connect(
  File "C:\Users\nabil\AppData\Local\Programs\Python\Python310\lib\site-packages\aiohttp\connector.py", line 535, in connect
    proto = await self._create_connection(req, traces, timeout)
  File "C:\Users\nabil\AppData\Local\Programs\Python\Python310\lib\site-packages\aiohttp\connector.py", line 892, in _create_connection
    _, proto = await self._create_direct_connection(req, traces, timeout)
  File "C:\Users\nabil\AppData\Local\Programs\Python\Python310\lib\site-packages\aiohttp\connector.py", line 1011, in _create_direct_connection
    raise ClientConnectorError(req.connection_key, exc) from exc
aiohttp.client_exceptions.ClientConnectorError: Cannot connect to host gateway.discord.gg:443 ssl:default [getaddrinfo failed]
[2022-08-30 23:01:44] [ERROR   ] discord.client: Attempting a reconnect in 9.02s
Traceback (most recent call last):
  File "C:\Users\nabil\AppData\Local\Programs\Python\Python310\lib\site-packages\aiohttp\connector.py", line 999, in _create_direct_connection
    hosts = await asyncio.shield(host_resolved)
  File "C:\Users\nabil\AppData\Local\Programs\Python\Python310\lib\site-packages\aiohttp\connector.py", line 865, in _resolve_host
    addrs = await self._resolver.resolve(host, port, family=self._family)
  File "C:\Users\nabil\AppData\Local\Programs\Python\Python310\lib\site-packages\aiohttp\resolver.py", line 31, in resolve
    infos = await self._loop.getaddrinfo(
  File "C:\Users\nabil\AppData\Local\Programs\Python\Python310\lib\asyncio\base_events.py", line 855, in getaddrinfo
    return await self.run_in_executor(
  File "C:\Users\nabil\AppData\Local\Programs\Python\Python310\lib\concurrent\futures\thread.py", line 58, in run
    result = self.fn(*self.args, **self.kwargs)
  File "C:\Users\nabil\AppData\Local\Programs\Python\Python310\lib\socket.py", line 955, in getaddrinfo
    for res in _socket.getaddrinfo(host, port, family, type, proto, flags):
socket.gaierror: [Errno 11004] getaddrinfo failed

The above exception was the direct cause of the following exception:

Traceback (most recent call last):
  File "C:\Users\nabil\AppData\Local\Programs\Python\Python310\lib\site-packages\discord\client.py", line 624, in connect
    self.ws = await asyncio.wait_for(coro, timeout=60.0)
  File "C:\Users\nabil\AppData\Local\Programs\Python\Python310\lib\asyncio\tasks.py", line 445, in wait_for
    return fut.result()
  File "C:\Users\nabil\AppData\Local\Programs\Python\Python310\lib\site-packages\discord\gateway.py", line 371, in from_client
    socket = await client.http.ws_connect(url)
  File "C:\Users\nabil\AppData\Local\Programs\Python\Python310\lib\site-packages\discord\http.py", line 536, in ws_connect
    return await self.__session.ws_connect(url, **kwargs)
  File "C:\Users\nabil\AppData\Local\Programs\Python\Python310\lib\site-packages\aiohttp\client.py", line 754, in _ws_connect
    resp = await self.request(
  File "C:\Users\nabil\AppData\Local\Programs\Python\Python310\lib\site-packages\aiohttp\client.py", line 520, in _request
    conn = await self._connector.connect(
  File "C:\Users\nabil\AppData\Local\Programs\Python\Python310\lib\site-packages\aiohttp\connector.py", line 535, in connect
    proto = await self._create_connection(req, traces, timeout)
  File "C:\Users\nabil\AppData\Local\Programs\Python\Python310\lib\site-packages\aiohttp\connector.py", line 892, in _create_connection
    _, proto = await self._create_direct_connection(req, traces, timeout)
  File "C:\Users\nabil\AppData\Local\Programs\Python\Python310\lib\site-packages\aiohttp\connector.py", line 1011, in _create_direct_connection
    raise ClientConnectorError(req.connection_key, exc) from exc
aiohttp.client_exceptions.ClientConnectorError: Cannot connect to host gateway.discord.gg:443 ssl:default [getaddrinfo failed]
[2022-08-30 23:01:53] [ERROR   ] discord.client: Attempting a reconnect in 14.96s
Traceback (most recent call last):
  File "C:\Users\nabil\AppData\Local\Programs\Python\Python310\lib\site-packages\aiohttp\connector.py", line 999, in _create_direct_connection
    hosts = await asyncio.shield(host_resolved)
  File "C:\Users\nabil\AppData\Local\Programs\Python\Python310\lib\site-packages\aiohttp\connector.py", line 865, in _resolve_host
    addrs = await self._resolver.resolve(host, port, family=self._family)
  File "C:\Users\nabil\AppData\Local\Programs\Python\Python310\lib\site-packages\aiohttp\resolver.py", line 31, in resolve
    infos = await self._loop.getaddrinfo(
  File "C:\Users\nabil\AppData\Local\Programs\Python\Python310\lib\asyncio\base_events.py", line 855, in getaddrinfo
    return await self.run_in_executor(
  File "C:\Users\nabil\AppData\Local\Programs\Python\Python310\lib\concurrent\futures\thread.py", line 58, in run
    result = self.fn(*self.args, **self.kwargs)
  File "C:\Users\nabil\AppData\Local\Programs\Python\Python310\lib\socket.py", line 955, in getaddrinfo
    for res in _socket.getaddrinfo(host, port, family, type, proto, flags):
socket.gaierror: [Errno 11004] getaddrinfo failed

The above exception was the direct cause of the following exception:

Traceback (most recent call last):
  File "C:\Users\nabil\AppData\Local\Programs\Python\Python310\lib\site-packages\discord\client.py", line 624, in connect
    self.ws = await asyncio.wait_for(coro, timeout=60.0)
  File "C:\Users\nabil\AppData\Local\Programs\Python\Python310\lib\asyncio\tasks.py", line 445, in wait_for
    return fut.result()
  File "C:\Users\nabil\AppData\Local\Programs\Python\Python310\lib\site-packages\discord\gateway.py", line 371, in from_client
    socket = await client.http.ws_connect(url)
  File "C:\Users\nabil\AppData\Local\Programs\Python\Python310\lib\site-packages\discord\http.py", line 536, in ws_connect
    return await self.__session.ws_connect(url, **kwargs)
  File "C:\Users\nabil\AppData\Local\Programs\Python\Python310\lib\site-packages\aiohttp\client.py", line 754, in _ws_connect
    resp = await self.request(
  File "C:\Users\nabil\AppData\Local\Programs\Python\Python310\lib\site-packages\aiohttp\client.py", line 520, in _request
    conn = await self._connector.connect(
  File "C:\Users\nabil\AppData\Local\Programs\Python\Python310\lib\site-packages\aiohttp\connector.py", line 535, in connect
    proto = await self._create_connection(req, traces, timeout)
  File "C:\Users\nabil\AppData\Local\Programs\Python\Python310\lib\site-packages\aiohttp\connector.py", line 892, in _create_connection
    _, proto = await self._create_direct_connection(req, traces, timeout)
  File "C:\Users\nabil\AppData\Local\Programs\Python\Python310\lib\site-packages\aiohttp\connector.py", line 1011, in _create_direct_connection
    raise ClientConnectorError(req.connection_key, exc) from exc
aiohttp.client_exceptions.ClientConnectorError: Cannot connect to host gateway.discord.gg:443 ssl:default [getaddrinfo failed]
[2022-08-30 23:02:08] [ERROR   ] discord.client: Attempting a reconnect in 42.38s
Traceback (most recent call last):
  File "C:\Users\nabil\AppData\Local\Programs\Python\Python310\lib\site-packages\aiohttp\connector.py", line 999, in _create_direct_connection
    hosts = await asyncio.shield(host_resolved)
  File "C:\Users\nabil\AppData\Local\Programs\Python\Python310\lib\site-packages\aiohttp\connector.py", line 865, in _resolve_host
    addrs = await self._resolver.resolve(host, port, family=self._family)
  File "C:\Users\nabil\AppData\Local\Programs\Python\Python310\lib\site-packages\aiohttp\resolver.py", line 31, in resolve
    infos = await self._loop.getaddrinfo(
  File "C:\Users\nabil\AppData\Local\Programs\Python\Python310\lib\asyncio\base_events.py", line 855, in getaddrinfo
    return await self.run_in_executor(
  File "C:\Users\nabil\AppData\Local\Programs\Python\Python310\lib\concurrent\futures\thread.py", line 58, in run
    result = self.fn(*self.args, **self.kwargs)
  File "C:\Users\nabil\AppData\Local\Programs\Python\Python310\lib\socket.py", line 955, in getaddrinfo
    for res in _socket.getaddrinfo(host, port, family, type, proto, flags):
socket.gaierror: [Errno 11004] getaddrinfo failed

The above exception was the direct cause of the following exception:

Traceback (most recent call last):
  File "C:\Users\nabil\AppData\Local\Programs\Python\Python310\lib\site-packages\discord\client.py", line 624, in connect
    self.ws = await asyncio.wait_for(coro, timeout=60.0)
  File "C:\Users\nabil\AppData\Local\Programs\Python\Python310\lib\asyncio\tasks.py", line 445, in wait_for
    return fut.result()
  File "C:\Users\nabil\AppData\Local\Programs\Python\Python310\lib\site-packages\discord\gateway.py", line 371, in from_client
    socket = await client.http.ws_connect(url)
  File "C:\Users\nabil\AppData\Local\Programs\Python\Python310\lib\site-packages\discord\http.py", line 536, in ws_connect
    return await self.__session.ws_connect(url, **kwargs)
  File "C:\Users\nabil\AppData\Local\Programs\Python\Python310\lib\site-packages\aiohttp\client.py", line 754, in _ws_connect
    resp = await self.request(
  File "C:\Users\nabil\AppData\Local\Programs\Python\Python310\lib\site-packages\aiohttp\client.py", line 520, in _request
    conn = await self._connector.connect(
  File "C:\Users\nabil\AppData\Local\Programs\Python\Python310\lib\site-packages\aiohttp\connector.py", line 535, in connect
    proto = await self._create_connection(req, traces, timeout)
  File "C:\Users\nabil\AppData\Local\Programs\Python\Python310\lib\site-packages\aiohttp\connector.py", line 892, in _create_connection
    _, proto = await self._create_direct_connection(req, traces, timeout)
  File "C:\Users\nabil\AppData\Local\Programs\Python\Python310\lib\site-packages\aiohttp\connector.py", line 1011, in _create_direct_connection
    raise ClientConnectorError(req.connection_key, exc) from exc
aiohttp.client_exceptions.ClientConnectorError: Cannot connect to host gateway.discord.gg:443 ssl:default [getaddrinfo failed]
[2022-08-30 23:02:50] [ERROR   ] discord.client: Attempting a reconnect in 30.80s
Traceback (most recent call last):
  File "C:\Users\nabil\AppData\Local\Programs\Python\Python310\lib\site-packages\aiohttp\connector.py", line 999, in _create_direct_connection
    hosts = await asyncio.shield(host_resolved)
  File "C:\Users\nabil\AppData\Local\Programs\Python\Python310\lib\site-packages\aiohttp\connector.py", line 865, in _resolve_host
    addrs = await self._resolver.resolve(host, port, family=self._family)
  File "C:\Users\nabil\AppData\Local\Programs\Python\Python310\lib\site-packages\aiohttp\resolver.py", line 31, in resolve
    infos = await self._loop.getaddrinfo(
  File "C:\Users\nabil\AppData\Local\Programs\Python\Python310\lib\asyncio\base_events.py", line 855, in getaddrinfo
    return await self.run_in_executor(
  File "C:\Users\nabil\AppData\Local\Programs\Python\Python310\lib\concurrent\futures\thread.py", line 58, in run
    result = self.fn(*self.args, **self.kwargs)
  File "C:\Users\nabil\AppData\Local\Programs\Python\Python310\lib\socket.py", line 955, in getaddrinfo
    for res in _socket.getaddrinfo(host, port, family, type, proto, flags):
socket.gaierror: [Errno 11004] getaddrinfo failed

The above exception was the direct cause of the following exception:

Traceback (most recent call last):
  File "C:\Users\nabil\AppData\Local\Programs\Python\Python310\lib\site-packages\discord\client.py", line 624, in connect
    self.ws = await asyncio.wait_for(coro, timeout=60.0)
  File "C:\Users\nabil\AppData\Local\Programs\Python\Python310\lib\asyncio\tasks.py", line 445, in wait_for
    return fut.result()
  File "C:\Users\nabil\AppData\Local\Programs\Python\Python310\lib\site-packages\discord\gateway.py", line 371, in from_client
    socket = await client.http.ws_connect(url)
  File "C:\Users\nabil\AppData\Local\Programs\Python\Python310\lib\site-packages\discord\http.py", line 536, in ws_connect
    return await self.__session.ws_connect(url, **kwargs)
  File "C:\Users\nabil\AppData\Local\Programs\Python\Python310\lib\site-packages\aiohttp\client.py", line 754, in _ws_connect
    resp = await self.request(
  File "C:\Users\nabil\AppData\Local\Programs\Python\Python310\lib\site-packages\aiohttp\client.py", line 520, in _request
    conn = await self._connector.connect(
  File "C:\Users\nabil\AppData\Local\Programs\Python\Python310\lib\site-packages\aiohttp\connector.py", line 535, in connect
    proto = await self._create_connection(req, traces, timeout)
  File "C:\Users\nabil\AppData\Local\Programs\Python\Python310\lib\site-packages\aiohttp\connector.py", line 892, in _create_connection
    _, proto = await self._create_direct_connection(req, traces, timeout)
  File "C:\Users\nabil\AppData\Local\Programs\Python\Python310\lib\site-packages\aiohttp\connector.py", line 1011, in _create_direct_connection
    raise ClientConnectorError(req.connection_key, exc) from exc
aiohttp.client_exceptions.ClientConnectorError: Cannot connect to host gateway.discord.gg:443 ssl:default [getaddrinfo failed]
[2022-08-30 23:03:21] [ERROR   ] discord.client: Attempting a reconnect in 112.85s
Traceback (most recent call last):
  File "C:\Users\nabil\AppData\Local\Programs\Python\Python310\lib\site-packages\aiohttp\connector.py", line 999, in _create_direct_connection
    hosts = await asyncio.shield(host_resolved)
  File "C:\Users\nabil\AppData\Local\Programs\Python\Python310\lib\site-packages\aiohttp\connector.py", line 865, in _resolve_host
    addrs = await self._resolver.resolve(host, port, family=self._family)
  File "C:\Users\nabil\AppData\Local\Programs\Python\Python310\lib\site-packages\aiohttp\resolver.py", line 31, in resolve
    infos = await self._loop.getaddrinfo(
  File "C:\Users\nabil\AppData\Local\Programs\Python\Python310\lib\asyncio\base_events.py", line 855, in getaddrinfo
    return await self.run_in_executor(
  File "C:\Users\nabil\AppData\Local\Programs\Python\Python310\lib\concurrent\futures\thread.py", line 58, in run
    result = self.fn(*self.args, **self.kwargs)
  File "C:\Users\nabil\AppData\Local\Programs\Python\Python310\lib\socket.py", line 955, in getaddrinfo
    for res in _socket.getaddrinfo(host, port, family, type, proto, flags):
socket.gaierror: [Errno 11004] getaddrinfo failed

The above exception was the direct cause of the following exception:

Traceback (most recent call last):
  File "C:\Users\nabil\AppData\Local\Programs\Python\Python310\lib\site-packages\discord\client.py", line 624, in connect
    self.ws = await asyncio.wait_for(coro, timeout=60.0)
  File "C:\Users\nabil\AppData\Local\Programs\Python\Python310\lib\asyncio\tasks.py", line 445, in wait_for
    return fut.result()
  File "C:\Users\nabil\AppData\Local\Programs\Python\Python310\lib\site-packages\discord\gateway.py", line 371, in from_client
    socket = await client.http.ws_connect(url)
  File "C:\Users\nabil\AppData\Local\Programs\Python\Python310\lib\site-packages\discord\http.py", line 536, in ws_connect
    return await self.__session.ws_connect(url, **kwargs)
  File "C:\Users\nabil\AppData\Local\Programs\Python\Python310\lib\site-packages\aiohttp\client.py", line 754, in _ws_connect
    resp = await self.request(
  File "C:\Users\nabil\AppData\Local\Programs\Python\Python310\lib\site-packages\aiohttp\client.py", line 520, in _request
    conn = await self._connector.connect(
  File "C:\Users\nabil\AppData\Local\Programs\Python\Python310\lib\site-packages\aiohttp\connector.py", line 535, in connect
    proto = await self._create_connection(req, traces, timeout)
  File "C:\Users\nabil\AppData\Local\Programs\Python\Python310\lib\site-packages\aiohttp\connector.py", line 892, in _create_connection
    _, proto = await self._create_direct_connection(req, traces, timeout)
  File "C:\Users\nabil\AppData\Local\Programs\Python\Python310\lib\site-packages\aiohttp\connector.py", line 1011, in _create_direct_connection
    raise ClientConnectorError(req.connection_key, exc) from exc
aiohttp.client_exceptions.ClientConnectorError: Cannot connect to host gateway.discord.gg:443 ssl:default [getaddrinfo failed]
[2022-08-30 23:05:14] [ERROR   ] discord.client: Attempting a reconnect in 221.66s
Traceback (most recent call last):
  File "C:\Users\nabil\AppData\Local\Programs\Python\Python310\lib\site-packages\aiohttp\connector.py", line 999, in _create_direct_connection
    hosts = await asyncio.shield(host_resolved)
  File "C:\Users\nabil\AppData\Local\Programs\Python\Python310\lib\site-packages\aiohttp\connector.py", line 865, in _resolve_host
    addrs = await self._resolver.resolve(host, port, family=self._family)
  File "C:\Users\nabil\AppData\Local\Programs\Python\Python310\lib\site-packages\aiohttp\resolver.py", line 31, in resolve
    infos = await self._loop.getaddrinfo(
  File "C:\Users\nabil\AppData\Local\Programs\Python\Python310\lib\asyncio\base_events.py", line 855, in getaddrinfo
    return await self.run_in_executor(
  File "C:\Users\nabil\AppData\Local\Programs\Python\Python310\lib\concurrent\futures\thread.py", line 58, in run
    result = self.fn(*self.args, **self.kwargs)
  File "C:\Users\nabil\AppData\Local\Programs\Python\Python310\lib\socket.py", line 955, in getaddrinfo
    for res in _socket.getaddrinfo(host, port, family, type, proto, flags):
socket.gaierror: [Errno 11004] getaddrinfo failed

The above exception was the direct cause of the following exception:

Traceback (most recent call last):
  File "C:\Users\nabil\AppData\Local\Programs\Python\Python310\lib\site-packages\discord\client.py", line 624, in connect
    self.ws = await asyncio.wait_for(coro, timeout=60.0)
  File "C:\Users\nabil\AppData\Local\Programs\Python\Python310\lib\asyncio\tasks.py", line 445, in wait_for
    return fut.result()
  File "C:\Users\nabil\AppData\Local\Programs\Python\Python310\lib\site-packages\discord\gateway.py", line 371, in from_client
    socket = await client.http.ws_connect(url)
  File "C:\Users\nabil\AppData\Local\Programs\Python\Python310\lib\site-packages\discord\http.py", line 536, in ws_connect
    return await self.__session.ws_connect(url, **kwargs)
  File "C:\Users\nabil\AppData\Local\Programs\Python\Python310\lib\site-packages\aiohttp\client.py", line 754, in _ws_connect
    resp = await self.request(
  File "C:\Users\nabil\AppData\Local\Programs\Python\Python310\lib\site-packages\aiohttp\client.py", line 520, in _request
    conn = await self._connector.connect(
  File "C:\Users\nabil\AppData\Local\Programs\Python\Python310\lib\site-packages\aiohttp\connector.py", line 535, in connect
    proto = await self._create_connection(req, traces, timeout)
  File "C:\Users\nabil\AppData\Local\Programs\Python\Python310\lib\site-packages\aiohttp\connector.py", line 892, in _create_connection
    _, proto = await self._create_direct_connection(req, traces, timeout)
  File "C:\Users\nabil\AppData\Local\Programs\Python\Python310\lib\site-packages\aiohttp\connector.py", line 1011, in _create_direct_connection
    raise ClientConnectorError(req.connection_key, exc) from exc
aiohttp.client_exceptions.ClientConnectorError: Cannot connect to host gateway.discord.gg:443 ssl:default [getaddrinfo failed]
[2022-08-30 23:08:56] [ERROR   ] discord.client: Attempting a reconnect in 146.36s
Traceback (most recent call last):
  File "C:\Users\nabil\AppData\Local\Programs\Python\Python310\lib\site-packages\aiohttp\connector.py", line 999, in _create_direct_connection
    hosts = await asyncio.shield(host_resolved)
  File "C:\Users\nabil\AppData\Local\Programs\Python\Python310\lib\site-packages\aiohttp\connector.py", line 865, in _resolve_host
    addrs = await self._resolver.resolve(host, port, family=self._family)
  File "C:\Users\nabil\AppData\Local\Programs\Python\Python310\lib\site-packages\aiohttp\resolver.py", line 31, in resolve
    infos = await self._loop.getaddrinfo(
  File "C:\Users\nabil\AppData\Local\Programs\Python\Python310\lib\asyncio\base_events.py", line 855, in getaddrinfo
    return await self.run_in_executor(
  File "C:\Users\nabil\AppData\Local\Programs\Python\Python310\lib\concurrent\futures\thread.py", line 58, in run
    result = self.fn(*self.args, **self.kwargs)
  File "C:\Users\nabil\AppData\Local\Programs\Python\Python310\lib\socket.py", line 955, in getaddrinfo
    for res in _socket.getaddrinfo(host, port, family, type, proto, flags):
socket.gaierror: [Errno 11004] getaddrinfo failed

The above exception was the direct cause of the following exception:

Traceback (most recent call last):
  File "C:\Users\nabil\AppData\Local\Programs\Python\Python310\lib\site-packages\discord\client.py", line 624, in connect
    self.ws = await asyncio.wait_for(coro, timeout=60.0)
  File "C:\Users\nabil\AppData\Local\Programs\Python\Python310\lib\asyncio\tasks.py", line 445, in wait_for
    return fut.result()
  File "C:\Users\nabil\AppData\Local\Programs\Python\Python310\lib\site-packages\discord\gateway.py", line 371, in from_client
    socket = await client.http.ws_connect(url)
  File "C:\Users\nabil\AppData\Local\Programs\Python\Python310\lib\site-packages\discord\http.py", line 536, in ws_connect
    return await self.__session.ws_connect(url, **kwargs)
  File "C:\Users\nabil\AppData\Local\Programs\Python\Python310\lib\site-packages\aiohttp\client.py", line 754, in _ws_connect
    resp = await self.request(
  File "C:\Users\nabil\AppData\Local\Programs\Python\Python310\lib\site-packages\aiohttp\client.py", line 520, in _request
    conn = await self._connector.connect(
  File "C:\Users\nabil\AppData\Local\Programs\Python\Python310\lib\site-packages\aiohttp\connector.py", line 535, in connect
    proto = await self._create_connection(req, traces, timeout)
  File "C:\Users\nabil\AppData\Local\Programs\Python\Python310\lib\site-packages\aiohttp\connector.py", line 892, in _create_connection
    _, proto = await self._create_direct_connection(req, traces, timeout)
  File "C:\Users\nabil\AppData\Local\Programs\Python\Python310\lib\site-packages\aiohttp\connector.py", line 1011, in _create_direct_connection
    raise ClientConnectorError(req.connection_key, exc) from exc
aiohttp.client_exceptions.ClientConnectorError: Cannot connect to host gateway.discord.gg:443 ssl:default [getaddrinfo failed]
[2022-08-30 23:11:22] [ERROR   ] discord.client: Attempting a reconnect in 227.43s
Traceback (most recent call last):
  File "C:\Users\nabil\AppData\Local\Programs\Python\Python310\lib\site-packages\aiohttp\connector.py", line 999, in _create_direct_connection
    hosts = await asyncio.shield(host_resolved)
  File "C:\Users\nabil\AppData\Local\Programs\Python\Python310\lib\site-packages\aiohttp\connector.py", line 865, in _resolve_host
    addrs = await self._resolver.resolve(host, port, family=self._family)
  File "C:\Users\nabil\AppData\Local\Programs\Python\Python310\lib\site-packages\aiohttp\resolver.py", line 31, in resolve
    infos = await self._loop.getaddrinfo(
  File "C:\Users\nabil\AppData\Local\Programs\Python\Python310\lib\asyncio\base_events.py", line 855, in getaddrinfo
    return await self.run_in_executor(
  File "C:\Users\nabil\AppData\Local\Programs\Python\Python310\lib\concurrent\futures\thread.py", line 58, in run
    result = self.fn(*self.args, **self.kwargs)
  File "C:\Users\nabil\AppData\Local\Programs\Python\Python310\lib\socket.py", line 955, in getaddrinfo
    for res in _socket.getaddrinfo(host, port, family, type, proto, flags):
socket.gaierror: [Errno 11004] getaddrinfo failed

The above exception was the direct cause of the following exception:

Traceback (most recent call last):
  File "C:\Users\nabil\AppData\Local\Programs\Python\Python310\lib\site-packages\discord\client.py", line 624, in connect
    self.ws = await asyncio.wait_for(coro, timeout=60.0)
  File "C:\Users\nabil\AppData\Local\Programs\Python\Python310\lib\asyncio\tasks.py", line 445, in wait_for
    return fut.result()
  File "C:\Users\nabil\AppData\Local\Programs\Python\Python310\lib\site-packages\discord\gateway.py", line 371, in from_client
    socket = await client.http.ws_connect(url)
  File "C:\Users\nabil\AppData\Local\Programs\Python\Python310\lib\site-packages\discord\http.py", line 536, in ws_connect
    return await self.__session.ws_connect(url, **kwargs)
  File "C:\Users\nabil\AppData\Local\Programs\Python\Python310\lib\site-packages\aiohttp\client.py", line 754, in _ws_connect
    resp = await self.request(
  File "C:\Users\nabil\AppData\Local\Programs\Python\Python310\lib\site-packages\aiohttp\client.py", line 520, in _request
    conn = await self._connector.connect(
  File "C:\Users\nabil\AppData\Local\Programs\Python\Python310\lib\site-packages\aiohttp\connector.py", line 535, in connect
    proto = await self._create_connection(req, traces, timeout)
  File "C:\Users\nabil\AppData\Local\Programs\Python\Python310\lib\site-packages\aiohttp\connector.py", line 892, in _create_connection
    _, proto = await self._create_direct_connection(req, traces, timeout)
  File "C:\Users\nabil\AppData\Local\Programs\Python\Python310\lib\site-packages\aiohttp\connector.py", line 1011, in _create_direct_connection
    raise ClientConnectorError(req.connection_key, exc) from exc
aiohttp.client_exceptions.ClientConnectorError: Cannot connect to host gateway.discord.gg:443 ssl:default [getaddrinfo failed]
[2022-08-30 23:15:10] [ERROR   ] discord.client: Attempting a reconnect in 1017.00s
Traceback (most recent call last):
  File "C:\Users\nabil\AppData\Local\Programs\Python\Python310\lib\site-packages\aiohttp\connector.py", line 999, in _create_direct_connection
    hosts = await asyncio.shield(host_resolved)
  File "C:\Users\nabil\AppData\Local\Programs\Python\Python310\lib\site-packages\aiohttp\connector.py", line 865, in _resolve_host
    addrs = await self._resolver.resolve(host, port, family=self._family)
  File "C:\Users\nabil\AppData\Local\Programs\Python\Python310\lib\site-packages\aiohttp\resolver.py", line 31, in resolve
    infos = await self._loop.getaddrinfo(
  File "C:\Users\nabil\AppData\Local\Programs\Python\Python310\lib\asyncio\base_events.py", line 855, in getaddrinfo
    return await self.run_in_executor(
  File "C:\Users\nabil\AppData\Local\Programs\Python\Python310\lib\concurrent\futures\thread.py", line 58, in run
    result = self.fn(*self.args, **self.kwargs)
  File "C:\Users\nabil\AppData\Local\Programs\Python\Python310\lib\socket.py", line 955, in getaddrinfo
    for res in _socket.getaddrinfo(host, port, family, type, proto, flags):
socket.gaierror: [Errno 11004] getaddrinfo failed

The above exception was the direct cause of the following exception:

Traceback (most recent call last):
  File "C:\Users\nabil\AppData\Local\Programs\Python\Python310\lib\site-packages\discord\client.py", line 624, in connect
    self.ws = await asyncio.wait_for(coro, timeout=60.0)
  File "C:\Users\nabil\AppData\Local\Programs\Python\Python310\lib\asyncio\tasks.py", line 445, in wait_for
    return fut.result()
  File "C:\Users\nabil\AppData\Local\Programs\Python\Python310\lib\site-packages\discord\gateway.py", line 371, in from_client
    socket = await client.http.ws_connect(url)
  File "C:\Users\nabil\AppData\Local\Programs\Python\Python310\lib\site-packages\discord\http.py", line 536, in ws_connect
    return await self.__session.ws_connect(url, **kwargs)
  File "C:\Users\nabil\AppData\Local\Programs\Python\Python310\lib\site-packages\aiohttp\client.py", line 754, in _ws_connect
    resp = await self.request(
  File "C:\Users\nabil\AppData\Local\Programs\Python\Python310\lib\site-packages\aiohttp\client.py", line 520, in _request
    conn = await self._connector.connect(
  File "C:\Users\nabil\AppData\Local\Programs\Python\Python310\lib\site-packages\aiohttp\connector.py", line 535, in connect
    proto = await self._create_connection(req, traces, timeout)
  File "C:\Users\nabil\AppData\Local\Programs\Python\Python310\lib\site-packages\aiohttp\connector.py", line 892, in _create_connection
    _, proto = await self._create_direct_connection(req, traces, timeout)
  File "C:\Users\nabil\AppData\Local\Programs\Python\Python310\lib\site-packages\aiohttp\connector.py", line 1011, in _create_direct_connection
    raise ClientConnectorError(req.connection_key, exc) from exc
aiohttp.client_exceptions.ClientConnectorError: Cannot connect to host gateway.discord.gg:443 ssl:default [getaddrinfo failed]
[2022-08-31 00:31:41] [INFO    ] discord.gateway: Shard ID None session has been invalidated.
[2022-08-31 00:31:47] [INFO    ] discord.gateway: Shard ID None has connected to Gateway (Session ID: cdc8dcebd48f8c6bb5ebf0539dc1bcf4).
